[demo.themewinter.com/html/automobil/index.html]
[backblue.gif]
[fade.gif]
[index.html]
[demo.themewinter.com/html/automobil/css/font-awesome.min.css]
[demo.themewinter.com/html/automobil/css/animate.css]
[demo.themewinter.com/html/automobil/css/icofonts.css]
[demo.themewinter.com/html/automobil/css/automobil_icon.css]
[demo.themewinter.com/html/automobil/css/bootstrap.min.css]
[demo.themewinter.com/html/automobil/css/owlcarousel.min.css]
[demo.themewinter.com/html/automobil/css/contactme/bootstrap-datepicker.standalone.min.css]
[demo.themewinter.com/html/automobil/css/contactme/contactme-1.3.css]
[demo.themewinter.com/html/automobil/css/contactme/jquery.timepicker.css]
[demo.themewinter.com/html/automobil/css/contactme/select2.min.css]
[demo.themewinter.com/html/automobil/css/style.css]
[demo.themewinter.com/html/automobil/css/responsive.css]
[demo.themewinter.com/html/automobil/index-2.html]
[demo.themewinter.com/html/automobil/images/logo/logo.png]
[demo.themewinter.com/html/automobil/index-3.html]
[demo.themewinter.com/html/automobil/index-4.html]
[demo.themewinter.com/html/automobil/index-5.html]
[demo.themewinter.com/html/automobil/about-us.html]
[demo.themewinter.com/html/automobil/team.html]
[demo.themewinter.com/html/automobil/gallery.html]
[demo.themewinter.com/html/automobil/faq.html]
[demo.themewinter.com/html/automobil/testimonial.html]
[demo.themewinter.com/html/automobil/pricing-table.html]
[demo.themewinter.com/html/automobil/service.html]
[demo.themewinter.com/html/automobil/service-details.html]
[demo.themewinter.com/html/automobil/news-left-sidebar.html]
[demo.themewinter.com/html/automobil/news-right-sidebar.html]
[demo.themewinter.com/html/automobil/news-single.html]
[demo.themewinter.com/html/automobil/contact.html]
[demo.themewinter.com/html/automobil/images/slider/slider-1.jpg]
[demo.themewinter.com/html/automobil/images/slider/slider-2.jpg]
[demo.themewinter.com/html/automobil/images/slider/slider-3.jpg]
[demo.themewinter.com/html/automobil/images/why_choose_us_img.png]
[demo.themewinter.com/html/automobil/images/about/about-img1.jpg]
[demo.themewinter.com/html/automobil/images/about/about_img.png]
[demo.themewinter.com/html/automobil/images/service/service_img1.jpg]
[demo.themewinter.com/html/automobil/images/service/service_img2.jpg]
[demo.themewinter.com/html/automobil/images/service/service_img3.jpg]
[demo.themewinter.com/html/automobil/images/testimonial/quote_profile.png]
[demo.themewinter.com/html/automobil/images/we_offer_img.jpg]
[demo.themewinter.com/html/automobil/images/news/post-img1.jpg]
[demo.themewinter.com/html/automobil/images/news/avatar1.png]
[demo.themewinter.com/html/automobil/images/news/post-img2.jpg]
[demo.themewinter.com/html/automobil/images/news/post-img3.jpg]
[demo.themewinter.com/html/automobil/images/clients/client-img1.png]
[demo.themewinter.com/html/automobil/images/clients/client-img2.png]
[demo.themewinter.com/html/automobil/images/clients/client-img3.png]
[demo.themewinter.com/html/automobil/images/clients/client-img4.png]
[demo.themewinter.com/html/automobil/images/clients/client-img5.png]
[demo.themewinter.com/html/automobil/images/logo/footer_logo.png]
[demo.themewinter.com/cdn-cgi/scripts/5c5dd728/cloudflare-static/email-decode.min.js]
[demo.themewinter.com/html/automobil/js/jquery.min.js]
[demo.themewinter.com/html/automobil/js/popper.min.js]
[demo.themewinter.com/html/automobil/js/bootstrap.min.js]
[demo.themewinter.com/html/automobil/js/owl-carousel.2.3.0.min.js]
[demo.themewinter.com/html/automobil/js/contactme/bootstrap-datepicker.min.js]
[demo.themewinter.com/html/automobil/js/contactme/bootstrap-datepicker-lang/en.js]
[demo.themewinter.com/html/automobil/js/contactme/jquery.timepicker.min.js]
[demo.themewinter.com/html/automobil/js/contactme/select2.full.min.js]
[demo.themewinter.com/html/automobil/js/contactme/select2-lang/en.js]
[demo.themewinter.com/html/automobil/js/contactme/EQCSS-1.7.0.min.js]
[demo.themewinter.com/html/automobil/js/contactme/contactme-config.js]
[demo.themewinter.com/html/automobil/js/contactme/contactme-1.4.js]
[demo.themewinter.com/html/automobil/index.html]
[demo.themewinter.com/html/automobil/js/main.js]
[demo.themewinter.com/html/automobil/fonts/fontawesome-webfont3e6e.eot]
[demo.themewinter.com/html/automobil/fonts/fontawesome-webfontd41d.eot]
[demo.themewinter.com/html/automobil/fonts/fontawesome-webfont3e6e.woff2]
[demo.themewinter.com/html/automobil/fonts/fontawesome-webfont3e6e.woff]
[demo.themewinter.com/html/automobil/css/font-awesome.min.css]
[demo.themewinter.com/html/automobil/css/animate.css]
[demo.themewinter.com/html/automobil/fonts/fontawesome-webfont3e6e.svg]
[demo.themewinter.com/html/automobil/fonts/fontawesome-webfont3e6e.ttf]
[demo.themewinter.com/html/automobil/fonts/icofonts/iconfont1da0.woff]
[demo.themewinter.com/html/automobil/fonts/icofonts/iconfont1da0.ttf]
[demo.themewinter.com/html/automobil/css/icofonts.css]
[demo.themewinter.com/html/automobil/fonts/icomoonb4d5.eot]
[demo.themewinter.com/html/automobil/fonts/icofonts/iconfont1da0.svg]
[demo.themewinter.com/html/automobil/fonts/icomoonb4d5.ttf]
[demo.themewinter.com/html/automobil/fonts/icomoonb4d5.woff]
[demo.themewinter.com/html/automobil/css/automobil_icon.css]
[demo.themewinter.com/html/automobil/css/bootstrap.min.css]
[demo.themewinter.com/html/automobil/fonts/icomoonb4d5.svg]
[demo.themewinter.com/html/automobil/css/owl.video.play.png]
[demo.themewinter.com/html/automobil/css/owlcarousel.min.css]
[demo.themewinter.com/html/automobil/css/contactme/bootstrap-datepicker.standalone.min.css]
[demo.themewinter.com/html/automobil/images/icons/cal1.png]
[demo.themewinter.com/html/automobil/images/icons/time1.png]
[demo.themewinter.com/html/automobil/css/imgs/arrow-up.png]
[demo.themewinter.com/html/automobil/css/imgs/x.png]
[demo.themewinter.com/html/automobil/css/imgs/tick.png]
[demo.themewinter.com/html/automobil/css/imgs/cal2.png]
[demo.themewinter.com/html/automobil/css/imgs/time2.png]
[demo.themewinter.com/html/automobil/css/imgs/cal3.png]
[demo.themewinter.com/html/automobil/css/imgs/time3.png]
[demo.themewinter.com/html/automobil/css/contactme/contactme-1.3.css]
[demo.themewinter.com/html/automobil/css/contactme/jquery.timepicker.css]
[demo.themewinter.com/html/automobil/css/contactme/select2.min.css]
[demo.themewinter.com/html/automobil/images/pattern/about-pattern.png]
[demo.themewinter.com/html/automobil/images/service/service_bg1.jpg]
[demo.themewinter.com/html/automobil/images/pattern/footer_img.png]
[demo.themewinter.com/html/automobil/images/service/service_bg2.jpg]
[demo.themewinter.com/html/automobil/images/pricing-bg1.jpg]
[demo.themewinter.com/html/automobil/css/style.css]
[demo.themewinter.com/html/automobil/css/responsive.css]
[demo.themewinter.com/html/automobil/index-2.html]
[demo.themewinter.com/html/automobil/images/logo/logo2.png]
[demo.themewinter.com/html/automobil/images/service/service_img4.jpg]
[demo.themewinter.com/html/automobil/images/service/service_img5.jpg]
[demo.themewinter.com/html/automobil/images/service/service_img6.jpg]
[demo.themewinter.com/html/automobil/images/team/team9.png]
[demo.themewinter.com/html/automobil/images/team/team10.png]
[demo.themewinter.com/html/automobil/images/team/team11.png]
[demo.themewinter.com/html/automobil/index-3.html]
[demo.themewinter.com/html/automobil/images/our-history.png]
[demo.themewinter.com/html/automobil/images/about/about-img3.jpg]
[demo.themewinter.com/html/automobil/images/team/team1.png]
[demo.themewinter.com/html/automobil/images/team/team2.png]
[demo.themewinter.com/html/automobil/images/team/team3.png]
[demo.themewinter.com/html/automobil/index-4.html]
[demo.themewinter.com/html/automobil/images/slider/slider-4.jpg]
[demo.themewinter.com/html/automobil/images/about/about-img2.jpg]
[demo.themewinter.com/html/automobil/index-5.html]
[demo.themewinter.com/html/automobil/images/banner/about_banner.jpg]
[demo.themewinter.com/html/automobil/about-us.html]
[demo.themewinter.com/html/automobil/css/magnific-popup.css]
[demo.themewinter.com/html/automobil/images/banner/banner-bg1.jpg]
[demo.themewinter.com/html/automobil/images/team/team8.png]
[demo.themewinter.com/html/automobil/images/team/team5.png]
[demo.themewinter.com/html/automobil/images/team/team6.png]
[demo.themewinter.com/html/automobil/images/team/team7.png]
[demo.themewinter.com/html/automobil/images/skill-video-img.jpg]
[demo.themewinter.com/html/automobil/team.html]
[demo.themewinter.com/html/automobil/js/jquery.magnific-popup.min.js]
[demo.themewinter.com/html/automobil/images/banner/gallery_banner.jpg]
[demo.themewinter.com/html/automobil/images/gallery/gallery1.jpg]
[demo.themewinter.com/html/automobil/images/gallery/gallery2.jpg]
[demo.themewinter.com/html/automobil/images/gallery/gallery3.jpg]
[demo.themewinter.com/html/automobil/images/gallery/gallery4.jpg]
[demo.themewinter.com/html/automobil/images/gallery/gallery5.jpg]
[demo.themewinter.com/html/automobil/images/gallery/gallery6.jpg]
[demo.themewinter.com/html/automobil/images/gallery/gallery7.jpg]
[demo.themewinter.com/html/automobil/images/gallery/gallery8.jpg]
[demo.themewinter.com/html/automobil/images/gallery/gallery9.jpg]
[demo.themewinter.com/html/automobil/gallery.html]
[demo.themewinter.com/html/automobil/faq.html]
[demo.themewinter.com/html/automobil/testimonial.html]
[demo.themewinter.com/html/automobil/images/banner/blog_banner.jpg]
[demo.themewinter.com/html/automobil/pricing-table.html]
[demo.themewinter.com/html/automobil/service.html]
[demo.themewinter.com/html/automobil/images/service/service_img7.jpg]
[demo.themewinter.com/html/automobil/images/service/service_img8.jpg]
[demo.themewinter.com/html/automobil/service-details.html]
[demo.themewinter.com/html/automobil/images/news/post-img4.jpg]
[demo.themewinter.com/html/automobil/news-left-sidebar.html]
[demo.themewinter.com/html/automobil/news-right-sidebar.html]
[demo.themewinter.com/html/automobil/images/news/avatar3.png]
[demo.themewinter.com/html/automobil/images/news/avatar2.png]
[demo.themewinter.com/html/automobil/news-single.html]
[demo.themewinter.com/html/automobil/images/banner/contact_banner.jpg]
[demo.themewinter.com/html/automobil/contact.html]
[demo.themewinter.com/html/automobil/fonts/fontawesome-webfont3e6e.svg]
[demo.themewinter.com/html/automobil/fonts/icofonts/iconfont1da0.svg]
[demo.themewinter.com/html/automobil/fonts/icomoonb4d5.svg]
[demo.themewinter.com/html/automobil/css/owl.video.play.html]
[demo.themewinter.com/html/automobil/css/imgs/arrow-up.html]
[demo.themewinter.com/html/automobil/css/imgs/x.html]
[demo.themewinter.com/html/automobil/css/imgs/tick.html]
[demo.themewinter.com/html/automobil/css/imgs/cal2.html]
[demo.themewinter.com/html/automobil/css/imgs/time2.html]
[demo.themewinter.com/html/automobil/css/imgs/cal3.html]
[demo.themewinter.com/html/automobil/css/imgs/time3.html]
[demo.themewinter.com/html/automobil/css/magnific-popup.css]
