[demo.exptheme.com/pizzeria/index.html]
[demo.exptheme.com/pizzeria/xmlrpc.php]
[backblue.gif]
[fade.gif]
[index.html]
[demo.exptheme.com/pizzeria/wp-content/plugins/woocommerce/packages/woocommerce-blocks/build/wc-blocks-vendors-style7ef2.css]
[demo.exptheme.com/pizzeria/feed/index.html]
[demo.exptheme.com/pizzeria/comments/feed/index.html]
[demo.exptheme.com/pizzeria/wp-content/plugins/woocommerce/packages/woocommerce-blocks/build/wc-blocks-style7ef2.css]
[demo.exptheme.com/pizzeria/wp-content/plugins/cmssuperheroes/assets/css/cms-style32d4.css]
[demo.exptheme.com/pizzeria/wp-content/plugins/contact-form-7/includes/css/styles40df.css]
[demo.exptheme.com/pizzeria/wp-content/plugins/woocommerce/assets/css/woocommerce-layout31dc.css]
[demo.exptheme.com/pizzeria/wp-content/plugins/woocommerce/assets/css/woocommerce-smallscreen31dc.css]
[demo.exptheme.com/pizzeria/wp-content/plugins/woocommerce/assets/css/woocommerce31dc.css]
[demo.exptheme.com/pizzeria/wp-content/themes/wp_pizzeria/assets/css/bootstrap.mind617.css]
[demo.exptheme.com/pizzeria/wp-content/themes/wp_pizzeria/assets/css/font-awesome.min1849.css]
[demo.exptheme.com/pizzeria/wp-content/themes/wp_pizzeria/assets/css/ionicons.min7406.css]
[demo.exptheme.com/pizzeria/wp-content/themes/wp_pizzeria/assets/css/pe-icon-7-strokef269.css]
[demo.exptheme.com/pizzeria/wp-content/themes/wp_pizzeria/style32d4.css]
[demo.exptheme.com/pizzeria/wp-content/themes/wp_pizzeria/assets/css/fonts32d4.css]
[demo.exptheme.com/pizzeria/wp-content/themes/wp_pizzeria/assets/css/animate.min32d4.css]
[demo.exptheme.com/pizzeria/wp-content/themes/wp_pizzeria/assets/css/static8a54.css]
[demo.exptheme.com/pizzeria/wp-content/themes/wp_pizzeria/assets/css/lightbox32d4.css]
[demo.exptheme.com/pizzeria/wp-content/themes/wp_pizzeria/assets/css/theme32d4.css]
[demo.exptheme.com/pizzeria/wp-content/plugins/newsletter/style3ec4.css]
[demo.exptheme.com/pizzeria/wp-content/plugins/js_composer/assets/css/js_composer.mine1b2.css]
[demo.exptheme.com/pizzeria/wp-includes/js/jquery/jquery.minf43b.js]
[demo.exptheme.com/pizzeria/wp-includes/js/jquery/jquery-migrate.min5589.js]
[demo.exptheme.com/pizzeria/wp-content/plugins/woocommerce/assets/js/jquery-blockui/jquery.blockUI.min437d.js]
[demo.exptheme.com/pizzeria/wp-content/plugins/woocommerce/assets/js/frontend/add-to-cart.min31dc.js]
[demo.exptheme.com/pizzeria/wp-content/plugins/js_composer/assets/js/vendors/woocommerce-add-to-carte1b2.js]
[demo.exptheme.com/pizzeria/wp-content/themes/wp_pizzeria/assets/js/bootstrap.minbfce.js]
[demo.exptheme.com/pizzeria/wp-content/themes/wp_pizzeria/assets/js/jquery.mousewheel.min32d4.js]
[demo.exptheme.com/pizzeria/wp-json/wp/v2/pages/958.json]
[demo.exptheme.com/pizzeria/wp-json/index.html]
[demo.exptheme.com/pizzeria/xmlrpc0db0.php]
[demo.exptheme.com/pizzeria/wp-json/oembed/1.0/embed0f9d.json]
[demo.exptheme.com/pizzeria/wp-json/oembed/1.0/embeda19d]
[demo.exptheme.com/pizzeria/wp-content/uploads/2022/06/favicon.png]
[demo.exptheme.com/pizzeria/wp-content/themes/wp_pizzeria/assets/images/backgrounds/bg1.png]
[demo.exptheme.com/pizzeria/wp-content/themes/wp_pizzeria/assets/images/backgrounds/bg3.png]
[demo.exptheme.com/pizzeria/wp-content/themes/wp_pizzeria/assets/images/backgrounds/bg_footer.png]
[demo.exptheme.com/pizzeria/wp-content/themes/wp_pizzeria/assets/images/logo.png]
[demo.exptheme.com/pizzeria/wp-content/uploads/2015/10/sliders-1-1170x580.jpg]
[demo.exptheme.com/pizzeria/about-us/index.html]
[demo.exptheme.com/pizzeria/home/one-page/index.html]
[demo.exptheme.com/pizzeria/home/one-page-chinese/index.html]
[demo.exptheme.com/pizzeria/menu/index.html]
[demo.exptheme.com/pizzeria/menu/menu-small/index.html]
[demo.exptheme.com/pizzeria/wp-content/uploads/2015/10/Sliders-1170x580.jpg]
[demo.exptheme.com/pizzeria/galllery/galllery-small/index.html]
[demo.exptheme.com/pizzeria/galllery/galllery-big/index.html]
[demo.exptheme.com/pizzeria/specials/index.html]
[demo.exptheme.com/pizzeria/delivery/index.html]
[demo.exptheme.com/pizzeria/blog/index.html]
[demo.exptheme.com/pizzeria/wp-content/uploads/2015/10/8-1170x580.jpg]
[demo.exptheme.com/pizzeria/baking-great-meals-4/index.html]
[demo.exptheme.com/pizzeria/contact/index.html]
[demo.exptheme.com/pizzeria/shop-2/index.html]
[demo.exptheme.com/pizzeria/wp-content/uploads/2015/09/16-570x220.jpg]
[demo.exptheme.com/pizzeria/wp-content/uploads/2015/09/14-570x220.jpg]
[demo.exptheme.com/pizzeria/wp-content/uploads/2015/09/section_delimiter.png]
[demo.exptheme.com/pizzeria/wp-content/themes/wp_pizzeria/assets/css/owl.carousel30b5.css]
[demo.exptheme.com/pizzeria/wp-content/plugins/js_composer/assets/lib/bower/font-awesome/css/v4-shims.mine1b2.css]
[demo.exptheme.com/pizzeria/wp-content/plugins/js_composer/assets/lib/bower/font-awesome/css/all.mine1b2.css]
[demo.exptheme.com/pizzeria/wp-includes/js/dist/vendor/wp-polyfill.min2c7c.js]
[demo.exptheme.com/pizzeria/wp-content/plugins/contact-form-7/includes/js/index40df.js]
[demo.exptheme.com/pizzeria/wp-content/plugins/woocommerce/assets/js/js-cookie/js.cookie.min2aac.js]
[demo.exptheme.com/pizzeria/wp-content/plugins/woocommerce/assets/js/frontend/woocommerce.min31dc.js]
[demo.exptheme.com/pizzeria/wp-content/plugins/woocommerce/assets/js/frontend/cart-fragments.min31dc.js]
[demo.exptheme.com/pizzeria/wp-content/themes/wp_pizzeria/assets/js/jquery.parallax-1.1.3c358.js]
[demo.exptheme.com/pizzeria/wp-content/themes/wp_pizzeria/assets/js/nicescroll8a54.js]
[demo.exptheme.com/pizzeria/wp-content/themes/wp_pizzeria/assets/js/main8a54.js]
[demo.exptheme.com/pizzeria/wp-content/themes/wp_pizzeria/assets/js/jquery.nav.min8a54.js]
[demo.exptheme.com/pizzeria/wp-content/themes/wp_pizzeria/assets/js/menu8a54.js]
[demo.exptheme.com/pizzeria/wp-content/themes/wp_pizzeria/assets/js/modernizr-custom.min6f3e.js]
[demo.exptheme.com/pizzeria/wp-content/themes/wp_pizzeria/assets/js/jquery.inview.min6f3e.js]
[demo.exptheme.com/pizzeria/wp-content/themes/wp_pizzeria/assets/js/lightbox.min653d.js]
[demo.exptheme.com/pizzeria/wp-content/themes/wp_pizzeria/assets/js/jquery.scrollTo.min7e5c.js]
[demo.exptheme.com/pizzeria/wp-content/plugins/js_composer/assets/js/dist/js_composer_front.mine1b2.js]
[demo.exptheme.com/pizzeria/wp-content/themes/wp_pizzeria/assets/js/owl.carousel.min30b5.js]
[demo.exptheme.com/pizzeria/wp-content/themes/wp_pizzeria/assets/js/owl.slider.carousel.cms8a54.js]
[demo.exptheme.com/pizzeria/index.html]
[demo.exptheme.com/pizzeria/xmlrpc.php]
[demo.exptheme.com/pizzeria/wp-content/plugins/woocommerce/packages/woocommerce-blocks/build/wc-blocks-vendors-style7ef2.css]
[demo.exptheme.com/pizzeria/wp-content/plugins/woocommerce/packages/woocommerce-blocks/build/wc-blocks-style7ef2.css]
[demo.exptheme.com/pizzeria/wp-content/plugins/cmssuperheroes/assets/css/cms-style32d4.css]
[demo.exptheme.com/pizzeria/wp-content/plugins/contact-form-7/includes/css/styles40df.css]
[demo.exptheme.com/pizzeria/wp-content/plugins/woocommerce/assets/css/woocommerce-layout31dc.css]
[demo.exptheme.com/pizzeria/wp-content/plugins/woocommerce/assets/css/woocommerce-smallscreen31dc.css]
[demo.exptheme.com/pizzeria/wp-content/plugins/woocommerce/assets/fonts/star.eot]
[demo.exptheme.com/pizzeria/wp-content/plugins/woocommerce/assets/fonts/stard41d.eot]
[demo.exptheme.com/pizzeria/wp-content/plugins/woocommerce/assets/fonts/star.woff]
[demo.exptheme.com/pizzeria/wp-content/plugins/woocommerce/assets/fonts/star.ttf]
[demo.exptheme.com/pizzeria/wp-content/plugins/woocommerce/assets/fonts/star.svg]
[demo.exptheme.com/pizzeria/wp-content/plugins/woocommerce/assets/fonts/WooCommerce.eot]
[demo.exptheme.com/pizzeria/wp-content/plugins/woocommerce/assets/fonts/WooCommerced41d.eot]
[demo.exptheme.com/pizzeria/wp-content/plugins/woocommerce/assets/fonts/WooCommerce.woff]
[demo.exptheme.com/pizzeria/wp-content/plugins/woocommerce/assets/fonts/WooCommerce.ttf]
[demo.exptheme.com/pizzeria/wp-content/plugins/woocommerce/assets/fonts/WooCommerce.svg]
[demo.exptheme.com/pizzeria/wp-content/plugins/woocommerce/assets/images/icons/credit-cards/visa.svg]
[demo.exptheme.com/pizzeria/wp-content/plugins/woocommerce/assets/images/icons/credit-cards/mastercard.svg]
[demo.exptheme.com/pizzeria/wp-content/plugins/woocommerce/assets/css/woocommerce31dc.css]
[demo.exptheme.com/pizzeria/wp-content/themes/wp_pizzeria/assets/css/bootstrap.mind617.css]
[demo.exptheme.com/pizzeria/wp-content/themes/wp_pizzeria/assets/fonts/fontawesome-webfont3e6e.woff2]
[demo.exptheme.com/pizzeria/wp-content/themes/wp_pizzeria/assets/css/font-awesome.min1849.css]
[demo.exptheme.com/pizzeria/wp-content/themes/wp_pizzeria/assets/css/ionicons.min7406.css]
[demo.exptheme.com/pizzeria/wp-content/themes/wp_pizzeria/assets/css/pe-icon-7-strokef269.css]
[demo.exptheme.com/pizzeria/wp-content/themes/wp_pizzeria/style32d4.css]
[demo.exptheme.com/pizzeria/wp-content/themes/wp_pizzeria/assets/css/fonts32d4.css]
[demo.exptheme.com/pizzeria/wp-content/themes/wp_pizzeria/assets/css/animate.min32d4.css]
[demo.exptheme.com/pizzeria/wp-content/themes/wp_pizzeria/assets/images/select-background.png]
[demo.exptheme.com/pizzeria/wp-content/themes/wp_pizzeria/assets/css/static8a54.css]
[demo.exptheme.com/pizzeria/wp-content/themes/wp_pizzeria/assets/img/close.png]
[demo.exptheme.com/pizzeria/wp-content/themes/wp_pizzeria/assets/img/loading.gif]
[demo.exptheme.com/pizzeria/wp-content/themes/wp_pizzeria/assets/img/prev.png]
[demo.exptheme.com/pizzeria/wp-content/themes/wp_pizzeria/assets/img/next.png]
[demo.exptheme.com/pizzeria/wp-content/themes/wp_pizzeria/assets/css/lightbox32d4.css]
[demo.exptheme.com/pizzeria/wp-content/themes/wp_pizzeria/assets/css/theme32d4.css]
[demo.exptheme.com/pizzeria/wp-content/plugins/newsletter/style3ec4.css]
[demo.exptheme.com/pizzeria/wp-content/plugins/js_composer/assets/css/js_composer.mine1b2.css]
[demo.exptheme.com/pizzeria/wp-includes/js/jquery/jquery.minf43b.js]
[demo.exptheme.com/pizzeria/wp-includes/js/jquery/jquery-migrate.min5589.js]
[demo.exptheme.com/pizzeria/wp-content/plugins/woocommerce/assets/js/jquery-blockui/jquery.blockUI.min437d.js]
[demo.exptheme.com/pizzeria/wp-content/plugins/woocommerce/assets/js/frontend/add-to-cart.min31dc.js]
[demo.exptheme.com/pizzeria/wp-content/plugins/js_composer/assets/js/vendors/woocommerce-add-to-carte1b2.js]
[demo.exptheme.com/pizzeria/wp-content/themes/wp_pizzeria/assets/js/bootstrap.minbfce.js]
[demo.exptheme.com/pizzeria/wp-content/themes/wp_pizzeria/assets/js/jquery.mousewheel.min32d4.js]
[demo.exptheme.com/pizzeria/wp-content/uploads/2015/10/15-570x520.jpg]
[demo.exptheme.com/pizzeria/wp-content/uploads/2015/10/18-570x520.jpg]
[demo.exptheme.com/pizzeria/wp-content/uploads/2015/10/12-570x520.jpg]
[demo.exptheme.com/pizzeria/wp-content/uploads/2015/10/1.jpg]
[demo.exptheme.com/pizzeria/wp-content/uploads/2015/10/gallery2.jpg]
[demo.exptheme.com/pizzeria/gallery-categories/photoshop/index.html]
[demo.exptheme.com/pizzeria/gallery/hot-pepperoni-23/index.html]
[demo.exptheme.com/pizzeria/wp-content/uploads/2015/10/6-570x520.jpg]
[demo.exptheme.com/pizzeria/gallery-categories/wordpress/index.html]
[demo.exptheme.com/pizzeria/gallery/hot-pepperoni-22/index.html]
[demo.exptheme.com/pizzeria/gallery/hot-pepperoni-21/index.html]
[demo.exptheme.com/pizzeria/wp-content/uploads/2015/10/6.jpg]
[demo.exptheme.com/pizzeria/wp-content/uploads/2015/10/15.jpg]
[demo.exptheme.com/pizzeria/gallery/hot-pepperoni-20/index.html]
[demo.exptheme.com/pizzeria/wp-content/uploads/2015/10/16-570x520.jpg]
[demo.exptheme.com/pizzeria/gallery/hot-pepperoni-19/index.html]
[demo.exptheme.com/pizzeria/wp-content/uploads/2015/10/16.jpg]
[demo.exptheme.com/pizzeria/gallery/hot-pepperoni-18/index.html]
[demo.exptheme.com/pizzeria/wp-content/uploads/2015/10/18.jpg]
[demo.exptheme.com/pizzeria/wp-content/uploads/2015/10/17-1170x580.jpg]
[demo.exptheme.com/pizzeria/gallery/hot-pepperoni-17/index.html]
[demo.exptheme.com/pizzeria/wp-content/uploads/2015/10/15-1170x580.jpg]
[demo.exptheme.com/pizzeria/wp-content/uploads/2015/10/1-1170x580.jpg]
[demo.exptheme.com/pizzeria/wp-content/uploads/2015/10/18-1170x580.jpg]
[demo.exptheme.com/pizzeria/wp-content/uploads/2015/09/mobile.png]
[demo.exptheme.com/pizzeria/wp-content/uploads/2015/09/mobile_button1.png]
[demo.exptheme.com/pizzeria/wp-content/uploads/2015/09/mobile_button2.png]
[demo.exptheme.com/pizzeria/wp-content/uploads/2015/10/2.jpg]
[demo.exptheme.com/pizzeria/my-account/index.html]
[demo.exptheme.com/pizzeria/wp-content/uploads/2015/10/2-370x350.jpg]
[demo.exptheme.com/pizzeria/wp-content/uploads/2015/10/13.jpg]
[demo.exptheme.com/pizzeria/author/admin/index.html]
[demo.exptheme.com/pizzeria/how-to-get-the-best-time-with-your-family/index.html]
[demo.exptheme.com/pizzeria/wp-content/uploads/2015/10/13-370x350.jpg]
[demo.exptheme.com/pizzeria/pizza-delivery/index.html]
[demo.exptheme.com/pizzeria/wp-content/uploads/2015/10/14.jpg]
[demo.exptheme.com/pizzeria/wp-content/uploads/2015/10/14-370x350.jpg]
[demo.exptheme.com/pizzeria/wp-content/uploads/2015/10/2-760x296.jpg]
[demo.exptheme.com/pizzeria/blogs-posts-for-restaurant/index.html]
[demo.exptheme.com/pizzeria/wp-content/uploads/2015/10/3.jpg]
[demo.exptheme.com/pizzeria/wp-content/uploads/2015/10/3-378x272.jpg]
[demo.exptheme.com/pizzeria/wp-content/uploads/2015/10/13-1024x768.jpg]
[demo.exptheme.com/pizzeria/wp-content/uploads/2015/10/13-262x272.jpg]
[demo.exptheme.com/pizzeria/wp-includes/js/mediaelement/mediaelementplayer-legacy.min1f61.css]
[demo.exptheme.com/pizzeria/wp-includes/js/mediaelement/wp-mediaelement.min32d4.css]
[demo.exptheme.com/pizzeria/wp-content/plugins/js_composer/assets/lib/flexslider/flexslider.mine1b2.css]
[demo.exptheme.com/pizzeria/wp-includes/js/mediaelement/mediaelement-and-player.min1f61.js]
[demo.exptheme.com/pizzeria/wp-includes/js/mediaelement/mediaelement-migrate.min32d4.js]
[demo.exptheme.com/pizzeria/wp-includes/js/mediaelement/wp-mediaelement.min32d4.js]
[demo.exptheme.com/pizzeria/wp-content/themes/wp_pizzeria/assets/js/cmsgrid.pagination8a54.js]
[demo.exptheme.com/pizzeria/wp-content/themes/wp_pizzeria/assets/js/owl.carousel.cms8a54.js]
[demo.exptheme.com/pizzeria/wp-content/plugins/cmssuperheroes/assets/js/modernizr.min32d4.js]
[demo.exptheme.com/pizzeria/wp-includes/js/imagesloaded.minbb93.js]
[demo.exptheme.com/pizzeria/wp-content/plugins/cmssuperheroes/assets/js/jquery.shuffle32d4.js]
[demo.exptheme.com/pizzeria/wp-content/themes/wp_pizzeria/assets/js/jquery.shuffle.cms32d4.js]
[demo.exptheme.com/pizzeria/home/one-page/index.html]
[demo.exptheme.com/pizzeria/wp-content/plugins/js_composer/assets/lib/flexslider/jquery.flexslider.mine1b2.js]
[demo.exptheme.com/pizzeria/home/one-page-chinese/index.html]
[demo.exptheme.com/pizzeria/about-us/index.html]
[demo.exptheme.com/pizzeria/menu/index.html]
[demo.exptheme.com/pizzeria/product/vegetarian-pizza-3/index.html]
[demo.exptheme.com/pizzeria/wp-json/wp/v2/pages/81.json]
[demo.exptheme.com/pizzeria/product/mushrrom-lovers-3/index.html]
[demo.exptheme.com/pizzeria/product/vegetarian-pizza-4/index.html]
[demo.exptheme.com/pizzeria/product/mushrrom-lovers-4/index.html]
[demo.exptheme.com/pizzeria/product/pepperoni-burner-4/index.html]
[demo.exptheme.com/pizzeria/wp-json/oembed/1.0/embeded7d.json]
[demo.exptheme.com/pizzeria/product/vegetarian-pizza-5/index.html]
[demo.exptheme.com/pizzeria/product/mushrrom-lovers-5/index.html]
[demo.exptheme.com/pizzeria/product/pepperoni-burner-5/index.html]
[demo.exptheme.com/pizzeria/menu/page/2/index.html]
[demo.exptheme.com/pizzeria/wp-json/oembed/1.0/embedc9c0]
[demo.exptheme.com/pizzeria/wp-content/uploads/2015/09/menu.png]
[demo.exptheme.com/pizzeria/wp-content/uploads/2015/10/6-570x297.jpg]
[demo.exptheme.com/pizzeria/menu/menu-small/index.html]
[demo.exptheme.com/pizzeria/wp-json/wp/v2/pages/59.json]
[demo.exptheme.com/pizzeria/wp-json/oembed/1.0/embed2f7f.json]
[demo.exptheme.com/pizzeria/wp-json/oembed/1.0/embed0b4c]
[demo.exptheme.com/pizzeria/wp-content/uploads/2015/09/gallery.png]
[demo.exptheme.com/pizzeria/wp-content/uploads/2015/10/17-370x350.jpg]
[demo.exptheme.com/pizzeria/wp-content/uploads/2015/10/10-370x350.jpg]
[demo.exptheme.com/pizzeria/wp-content/uploads/2015/10/15-370x350.jpg]
[demo.exptheme.com/pizzeria/wp-content/uploads/2015/10/7-370x350.jpg]
[demo.exptheme.com/pizzeria/wp-content/uploads/2015/10/8-370x350.jpg]
[demo.exptheme.com/pizzeria/wp-content/uploads/2015/10/9-370x350.jpg]
[demo.exptheme.com/pizzeria/wp-content/uploads/2015/10/6-370x350.jpg]
[demo.exptheme.com/pizzeria/wp-content/uploads/2015/10/5-370x350.jpg]
[demo.exptheme.com/pizzeria/wp-content/uploads/2015/10/18-370x350.jpg]
[demo.exptheme.com/pizzeria/wp-content/uploads/2015/10/16-370x350.jpg]
[demo.exptheme.com/pizzeria/galllery/galllery-small/index.html]
[demo.exptheme.com/pizzeria/wp-json/wp/v2/pages/61.json]
[demo.exptheme.com/pizzeria/galllery/galllery-small/page/2/index.html]
[demo.exptheme.com/pizzeria/wp-json/oembed/1.0/embede3bc.json]
[demo.exptheme.com/pizzeria/wp-json/oembed/1.0/embed7f21]
[demo.exptheme.com/pizzeria/wp-content/uploads/2015/10/12-370x250.jpg]
[demo.exptheme.com/pizzeria/wp-content/uploads/2015/10/1-370x250.jpg]
[demo.exptheme.com/pizzeria/wp-content/uploads/2015/10/gallery2-370x245.jpg]
[demo.exptheme.com/pizzeria/wp-content/uploads/2015/10/6-370x250.jpg]
[demo.exptheme.com/pizzeria/wp-content/uploads/2015/10/15-370x250.jpg]
[demo.exptheme.com/pizzeria/wp-content/uploads/2015/10/16-370x250.jpg]
[demo.exptheme.com/pizzeria/wp-content/uploads/2015/10/18-370x250.jpg]
[demo.exptheme.com/pizzeria/wp-content/uploads/2015/10/5-370x250.jpg]
[demo.exptheme.com/pizzeria/wp-content/uploads/2015/10/9-370x250.jpg]
[demo.exptheme.com/pizzeria/wp-content/uploads/2015/10/8-370x250.jpg]
[demo.exptheme.com/pizzeria/galllery/galllery-big/index.html]
[demo.exptheme.com/pizzeria/wp-json/wp/v2/pages/63.json]
[demo.exptheme.com/pizzeria/galllery/galllery-big/page/2/index.html]
[demo.exptheme.com/pizzeria/wp-json/oembed/1.0/embedebb7.json]
[demo.exptheme.com/pizzeria/wp-json/oembed/1.0/embedfcbb]
[demo.exptheme.com/pizzeria/wp-content/uploads/2015/09/specials.png]
[demo.exptheme.com/pizzeria/specials/index.html]
[demo.exptheme.com/pizzeria/wp-json/wp/v2/pages/65.json]
[demo.exptheme.com/pizzeria/wp-json/oembed/1.0/embed0354.json]
[demo.exptheme.com/pizzeria/delivery/index.html]
[demo.exptheme.com/pizzeria/blog/index.html]
[demo.exptheme.com/pizzeria/baking-great-meals-4/index.html]
[demo.exptheme.com/pizzeria/wp-content/uploads/2015/10/17-300x300.jpg]
[demo.exptheme.com/pizzeria/shop-2/feed/index.html]
[demo.exptheme.com/pizzeria/wp-content/uploads/2015/10/9-300x300.jpg]
[demo.exptheme.com/pizzeria/shop-2/indexb4c4.html]
[demo.exptheme.com/pizzeria/wp-content/uploads/2015/10/18-300x300.jpg]
[demo.exptheme.com/pizzeria/shop-2/index0569.html]
[demo.exptheme.com/pizzeria/wp-content/uploads/2015/10/15-300x300.jpg]
[demo.exptheme.com/pizzeria/shop-2/indexcc01.html]
[demo.exptheme.com/pizzeria/wp-content/uploads/2015/10/8-300x300.jpg]
[demo.exptheme.com/pizzeria/shop-2/index5b8d.html]
[demo.exptheme.com/pizzeria/wp-content/uploads/2015/10/12-300x300.jpg]
[demo.exptheme.com/pizzeria/shop-2/index474e.html]
[demo.exptheme.com/pizzeria/wp-includes/js/jquery/ui/core.minb37e.js]
[demo.exptheme.com/pizzeria/shop-2/index23a0.html]
[demo.exptheme.com/pizzeria/shop-2/indexc517.html]
[demo.exptheme.com/pizzeria/shop-2/indexbfaf.html]
[demo.exptheme.com/pizzeria/wp-includes/js/jquery/ui/mouse.minb37e.js]
[demo.exptheme.com/pizzeria/shop-2/page/2/index.html]
[demo.exptheme.com/pizzeria/product-category/cheese-pizza/index.html]
[demo.exptheme.com/pizzeria/shop-2/page/3/index.html]
[demo.exptheme.com/pizzeria/wp-includes/js/jquery/ui/slider.minb37e.js]
[demo.exptheme.com/pizzeria/product-category/chinese/index.html]
[demo.exptheme.com/pizzeria/product-category/meat-lovers/index.html]
[demo.exptheme.com/pizzeria/product-category/starters/index.html]
[demo.exptheme.com/pizzeria/product-category/uncategorized/index.html]
[demo.exptheme.com/pizzeria/wp-content/plugins/woocommerce/assets/js/jquery-ui-touch-punch/jquery-ui-touch-punch.min31dc.js]
[demo.exptheme.com/pizzeria/product-category/vegetarian/index.html]
[demo.exptheme.com/pizzeria/wp-content/plugins/woocommerce/assets/js/accounting/accounting.minaffb.js]
[demo.exptheme.com/pizzeria/wp-content/plugins/woocommerce/assets/js/frontend/price-slider.min31dc.js]
[demo.exptheme.com/pizzeria/shop-2/index.html]
[demo.exptheme.com/pizzeria/wp-json/wp/v2/pages/69.json]
[demo.exptheme.com/pizzeria/wp-json/oembed/1.0/embed6816.json]
[demo.exptheme.com/pizzeria/wp-json/oembed/1.0/embedf48f]
[demo.exptheme.com/pizzeria/wp-content/uploads/2015/09/contact.png]
[demo.exptheme.com/pizzeria/contact/index.html]
[demo.exptheme.com/pizzeria/wp-content/themes/wp_pizzeria/assets/css/owl.video.play.png]
[demo.exptheme.com/pizzeria/wp-content/themes/wp_pizzeria/assets/css/owl.carousel30b5.css]
[demo.exptheme.com/pizzeria/wp-content/plugins/js_composer/assets/lib/bower/font-awesome/css/v4-shims.mine1b2.css]
[demo.exptheme.com/pizzeria/wp-content/plugins/js_composer/assets/lib/bower/font-awesome/webfonts/fa-brands-400.eot]
[demo.exptheme.com/pizzeria/wp-content/plugins/js_composer/assets/lib/bower/font-awesome/webfonts/fa-brands-400d41d.eot]
[demo.exptheme.com/pizzeria/wp-content/plugins/js_composer/assets/lib/bower/font-awesome/webfonts/fa-brands-400.woff2]
[demo.exptheme.com/pizzeria/wp-content/plugins/js_composer/assets/lib/bower/font-awesome/webfonts/fa-brands-400.woff]
[demo.exptheme.com/pizzeria/wp-content/plugins/js_composer/assets/lib/bower/font-awesome/webfonts/fa-brands-400.ttf]
[demo.exptheme.com/pizzeria/wp-content/plugins/js_composer/assets/lib/bower/font-awesome/webfonts/fa-brands-400.svg]
[demo.exptheme.com/pizzeria/wp-content/plugins/js_composer/assets/lib/bower/font-awesome/webfonts/fa-regular-400.eot]
[demo.exptheme.com/pizzeria/wp-content/plugins/js_composer/assets/lib/bower/font-awesome/webfonts/fa-regular-400d41d.eot]
[demo.exptheme.com/pizzeria/wp-content/plugins/js_composer/assets/lib/bower/font-awesome/webfonts/fa-regular-400.woff2]
[demo.exptheme.com/pizzeria/wp-content/plugins/js_composer/assets/lib/bower/font-awesome/webfonts/fa-regular-400.woff]
[demo.exptheme.com/pizzeria/wp-content/plugins/js_composer/assets/lib/bower/font-awesome/webfonts/fa-regular-400.ttf]
[demo.exptheme.com/pizzeria/wp-content/plugins/js_composer/assets/lib/bower/font-awesome/webfonts/fa-regular-400.svg]
[demo.exptheme.com/pizzeria/wp-content/plugins/js_composer/assets/lib/bower/font-awesome/webfonts/fa-solid-900.eot]
[demo.exptheme.com/pizzeria/wp-content/plugins/js_composer/assets/lib/bower/font-awesome/webfonts/fa-solid-900d41d.eot]
[demo.exptheme.com/pizzeria/wp-content/plugins/js_composer/assets/lib/bower/font-awesome/webfonts/fa-solid-900.woff2]
[demo.exptheme.com/pizzeria/wp-content/plugins/js_composer/assets/lib/bower/font-awesome/webfonts/fa-solid-900.woff]
[demo.exptheme.com/pizzeria/wp-content/plugins/js_composer/assets/lib/bower/font-awesome/webfonts/fa-solid-900.ttf]
[demo.exptheme.com/pizzeria/wp-content/plugins/js_composer/assets/lib/bower/font-awesome/css/all.mine1b2.css]
[demo.exptheme.com/pizzeria/wp-includes/js/dist/vendor/wp-polyfill.min2c7c.js]
[demo.exptheme.com/pizzeria/Node.js/index.html]
[demo.exptheme.com/pizzeria/Bun/index.html]
[demo.exptheme.com/pizzeria/Deno/index.html]
[demo.exptheme.com/pizzeria/wp-content/plugins/js_composer/assets/lib/bower/font-awesome/webfonts/fa-solid-900.svg]
[demo.exptheme.com/pizzeria/e]
[demo.exptheme.com/pizzeria/wp-content/plugins/contact-form-7/includes/js/index40df.js]
[demo.exptheme.com/pizzeria/wp-content/plugins/woocommerce/assets/js/js-cookie/js.cookie.min2aac.js]
[demo.exptheme.com/pizzeria/wp-content/plugins/woocommerce/assets/js/frontend/woocommerce.min31dc.js]
[demo.exptheme.com/pizzeria/wp-content/plugins/woocommerce/assets/js/frontend/cart-fragments.min31dc.js]
[demo.exptheme.com/pizzeria/wp-content/themes/wp_pizzeria/assets/js/jquery.parallax-1.1.3c358.js]
[demo.exptheme.com/pizzeria/wp-content/themes/wp_pizzeria/assets/js/nicescroll8a54.js]
[demo.exptheme.com/pizzeria/wp-content/themes/wp_pizzeria/assets/js/main8a54.js]
[demo.exptheme.com/pizzeria/wp-content/themes/wp_pizzeria/assets/js/jquery.nav.min8a54.js]
[demo.exptheme.com/pizzeria/wp-content/themes/wp_pizzeria/assets/js/menu8a54.js]
[demo.exptheme.com/pizzeria/wp-content/themes/wp_pizzeria/assets/js/modernizr-custom.min6f3e.js]
[demo.exptheme.com/pizzeria/wp-content/themes/wp_pizzeria/assets/js/jquery.inview.min6f3e.js]
[demo.exptheme.com/pizzeria/wp-content/themes/wp_pizzeria/assets/js/lightbox.min653d.js]
[demo.exptheme.com/pizzeria/wp-content/themes/wp_pizzeria/assets/js/jquery.scrollTo.min7e5c.js]
[apis.google.com/js/plusone.js]
[assets.pinterest.com/js/pinit.js]
[demo.exptheme.com/pizzeria/wp-content/plugins/js_composer/assets/js/dist/js_composer_front.mine1b2.js]
[demo.exptheme.com/pizzeria/wp-content/themes/wp_pizzeria/assets/js/owl.carousel.min30b5.js]
[demo.exptheme.com/pizzeria/wp-content/themes/wp_pizzeria/assets/js/owl.slider.carousel.cms8a54.js]
[demo.exptheme.com/pizzeria/wp-content/plugins/woocommerce/assets/fonts/star.svg]
[demo.exptheme.com/pizzeria/wp-content/plugins/woocommerce/assets/fonts/WooCommerce.svg]
[demo.exptheme.com/pizzeria/wp-content/plugins/woocommerce/assets/images/icons/loader.svg]
[demo.exptheme.com/pizzeria/wp-content/plugins/woocommerce/assets/images/icons/credit-cards/visa.svg]
[demo.exptheme.com/pizzeria/wp-content/plugins/woocommerce/assets/images/icons/credit-cards/mastercard.svg]
[demo.exptheme.com/pizzeria/wp-content/plugins/woocommerce/assets/images/icons/credit-cards/laser.html]
[demo.exptheme.com/pizzeria/wp-content/plugins/woocommerce/assets/images/icons/credit-cards/diners.html]
[demo.exptheme.com/pizzeria/wp-content/plugins/woocommerce/assets/images/icons/credit-cards/maestro.html]
[demo.exptheme.com/pizzeria/wp-content/plugins/woocommerce/assets/images/icons/credit-cards/jcb.html]
[demo.exptheme.com/pizzeria/wp-content/plugins/woocommerce/assets/images/icons/credit-cards/amex.html]
[demo.exptheme.com/pizzeria/wp-content/plugins/woocommerce/assets/images/icons/credit-cards/discover.html]
[demo.exptheme.com/pizzeria/wp-content/themes/wp_pizzeria/assets/fonts/fontawesome-webfont3e6e.html]
[demo.exptheme.com/pizzeria/wp-content/themes/wp_pizzeria/assets/fonts/fontawesome-webfontd41d.html]
[demo.exptheme.com/pizzeria/wp-content/themes/wp_pizzeria/assets/fonts/fontawesome-webfont3e6e-2.html]
[demo.exptheme.com/pizzeria/wp-content/themes/wp_pizzeria/assets/fonts/fontawesome-webfont3e6e-3.html]
[demo.exptheme.com/pizzeria/wp-content/themes/wp_pizzeria/assets/fonts/fontawesome-webfont3e6e-4.html]
[demo.exptheme.com/pizzeria/wp-content/themes/wp_pizzeria/assets/fonts/ionicons28b5.html]
[demo.exptheme.com/pizzeria/wp-content/themes/wp_pizzeria/assets/fonts/ionicons28b5-2.html]
[demo.exptheme.com/pizzeria/wp-content/themes/wp_pizzeria/assets/fonts/ionicons28b5-3.html]
[demo.exptheme.com/pizzeria/wp-content/themes/wp_pizzeria/assets/fonts/ionicons28b5-4.html]
[demo.exptheme.com/pizzeria/wp-content/themes/wp_pizzeria/assets/fonts/Pe-icon-7-strokea93c.html]
[demo.exptheme.com/pizzeria/wp-content/themes/wp_pizzeria/assets/fonts/Pe-icon-7-stroked41d.html]
[demo.exptheme.com/pizzeria/wp-content/themes/wp_pizzeria/assets/fonts/Pe-icon-7-strokea93c-2.html]
[demo.exptheme.com/pizzeria/wp-content/themes/wp_pizzeria/assets/fonts/Pe-icon-7-strokea93c-3.html]
[demo.exptheme.com/pizzeria/wp-content/themes/wp_pizzeria/assets/fonts/Pe-icon-7-strokea93c-4.html]
[demo.exptheme.com/pizzeria/wp-content/themes/wp_pizzeria/assets/fonts/playfairdisplay-webfont.html]
[demo.exptheme.com/pizzeria/wp-content/themes/wp_pizzeria/assets/fonts/playfairdisplay-webfontd41d.html]
[demo.exptheme.com/pizzeria/wp-content/themes/wp_pizzeria/assets/fonts/playfairdisplay-webfont-2.html]
[demo.exptheme.com/pizzeria/wp-content/themes/wp_pizzeria/assets/fonts/playfairdisplay-webfont-3.html]
[demo.exptheme.com/pizzeria/wp-content/themes/wp_pizzeria/assets/fonts/playfairdisplay-webfont-4.html]
[demo.exptheme.com/pizzeria/wp-content/plugins/js_composer/assets/vc/alert.html]
[demo.exptheme.com/pizzeria/wp-content/plugins/js_composer/assets/vc/info.html]
[demo.exptheme.com/pizzeria/wp-content/plugins/js_composer/assets/vc/tick.html]
[demo.exptheme.com/pizzeria/wp-content/plugins/js_composer/assets/vc/exclamation.html]
[demo.exptheme.com/pizzeria/wp-content/plugins/js_composer/assets/images/icons/address-book.html]
[demo.exptheme.com/pizzeria/wp-content/plugins/js_composer/assets/images/icons/alarm-clock.html]
[demo.exptheme.com/pizzeria/wp-content/plugins/js_composer/assets/images/icons/anchor.html]
[demo.exptheme.com/pizzeria/wp-content/plugins/js_composer/assets/images/icons/application-image.html]
[demo.exptheme.com/pizzeria/wp-content/plugins/js_composer/assets/images/icons/arrow.html]
[demo.exptheme.com/pizzeria/wp-content/plugins/js_composer/assets/images/icons/asterisk.html]
[demo.exptheme.com/pizzeria/wp-content/plugins/js_composer/assets/images/icons/auction-hammer.html]
[demo.exptheme.com/pizzeria/wp-content/plugins/js_composer/assets/images/icons/balloon.html]
[demo.exptheme.com/pizzeria/wp-content/plugins/js_composer/assets/images/icons/balloon-buzz.html]
[demo.exptheme.com/pizzeria/wp-content/plugins/js_composer/assets/images/icons/balloon-facebook.html]
[demo.exptheme.com/pizzeria/wp-content/plugins/js_composer/assets/images/icons/balloon-twitter.html]
[demo.exptheme.com/pizzeria/wp-content/plugins/js_composer/assets/images/icons/battery-full.html]
[demo.exptheme.com/pizzeria/wp-content/plugins/js_composer/assets/images/icons/binocular.html]
[demo.exptheme.com/pizzeria/wp-content/plugins/js_composer/assets/images/icons/blue-document-excel.html]
[demo.exptheme.com/pizzeria/wp-content/plugins/js_composer/assets/images/icons/blue-document-image.html]
[demo.exptheme.com/pizzeria/wp-content/plugins/js_composer/assets/images/icons/blue-document-music.html]
[demo.exptheme.com/pizzeria/wp-content/plugins/js_composer/assets/images/icons/blue-document-office.html]
[demo.exptheme.com/pizzeria/wp-content/plugins/js_composer/assets/images/icons/blue-document-pdf.html]
[demo.exptheme.com/pizzeria/wp-content/plugins/js_composer/assets/images/icons/blue-document-powerpoint.html]
[demo.exptheme.com/pizzeria/wp-content/plugins/js_composer/assets/images/icons/blue-document-word.html]
[demo.exptheme.com/pizzeria/wp-content/plugins/js_composer/assets/images/icons/bookmark.html]
[demo.exptheme.com/pizzeria/wp-content/plugins/js_composer/assets/images/icons/camcorder.html]
[demo.exptheme.com/pizzeria/wp-content/plugins/js_composer/assets/images/icons/camera.html]
[demo.exptheme.com/pizzeria/wp-content/plugins/js_composer/assets/images/icons/chart.html]
[demo.exptheme.com/pizzeria/wp-content/plugins/js_composer/assets/images/icons/chart-pie.html]
[demo.exptheme.com/pizzeria/wp-content/plugins/js_composer/assets/images/icons/clock.html]
[demo.exptheme.com/pizzeria/wp-content/plugins/js_composer/assets/images/icons/control.html]
[demo.exptheme.com/pizzeria/wp-content/plugins/js_composer/assets/images/icons/fire.html]
[demo.exptheme.com/pizzeria/wp-content/plugins/js_composer/assets/images/icons/heart.html]
[demo.exptheme.com/pizzeria/wp-content/plugins/js_composer/assets/images/icons/mail.html]
[demo.exptheme.com/pizzeria/wp-content/plugins/js_composer/assets/images/icons/plus-shield.html]
[demo.exptheme.com/pizzeria/wp-content/plugins/js_composer/assets/images/icons/video.html]
[demo.exptheme.com/pizzeria/wp-content/plugins/js_composer/assets/fonts/vc_icons_v2/fonts/vcpb-plugin-iconsb82a.html]
[demo.exptheme.com/pizzeria/wp-content/plugins/js_composer/assets/fonts/vc_icons_v2/fonts/vcpb-plugin-iconsb82a-2.html]
[demo.exptheme.com/pizzeria/wp-content/plugins/js_composer/assets/fonts/vc_icons_v2/fonts/vcpb-plugin-iconsb82a-3.html]
[demo.exptheme.com/pizzeria/wp-content/plugins/js_composer/assets/images/toggle_open.html]
[demo.exptheme.com/pizzeria/wp-content/plugins/js_composer/assets/images/toggle_close.html]
[demo.exptheme.com/pizzeria/wp-content/plugins/js_composer/assets/images/flickr.html]
[demo.exptheme.com/pizzeria/wp-content/plugins/js_composer/assets/vc/blur.html]
[demo.exptheme.com/pizzeria/wp-content/plugins/js_composer/assets/fonts/vc_grid/vc_grid_v157a1.html]
[demo.exptheme.com/pizzeria/wp-content/plugins/js_composer/assets/fonts/vc_grid/vc_grid_v1d41d.html]
[demo.exptheme.com/pizzeria/wp-content/plugins/js_composer/assets/fonts/vc_grid/vc_grid_v157a1-2.html]
[demo.exptheme.com/pizzeria/wp-content/plugins/js_composer/assets/fonts/vc_grid/vc_grid_v157a1-3.html]
[demo.exptheme.com/pizzeria/wp-content/plugins/js_composer/assets/fonts/vc_grid/vc_grid_v157a1-4.html]
[demo.exptheme.com/pizzeria/wp-content/plugins/js_composer/assets/images/spinner.html]
[demo.exptheme.com/pizzeria/wp-content/plugins/js_composer/assets/vc/remove.html]
[demo.exptheme.com/pizzeria/popper.html]
[demo.exptheme.com/pizzeria/wp-json/wp/v2/pages/73.html]
[demo.exptheme.com/pizzeria/index8cae.html]
[demo.exptheme.com/pizzeria/wp-json/oembed/1.0/embed9eff.html]
[demo.exptheme.com/pizzeria/wp-json/oembed/1.0/embed7b5c.html]
[demo.exptheme.com/pizzeria/wp-content/uploads/2015/09/bg_testimonials9e43.html]
[demo.exptheme.com/pizzeria/wp-content/uploads/2015/09/blog.html]
[demo.exptheme.com/pizzeria/wp-content/uploads/2015/09/4.html]
[demo.exptheme.com/pizzeria/wp-content/uploads/2015/09/3.html]
[demo.exptheme.com/pizzeria/wp-content/uploads/2015/09/2.html]
[demo.exptheme.com/pizzeria/wp-content/uploads/2015/09/1.html]
[demo.exptheme.com/pizzeria/wp-content/uploads/2015/10/17-570x520.html]
[demo.exptheme.com/pizzeria/wp-content/uploads/2015/10/9-570x520.html]
[demo.exptheme.com/pizzeria/wp-content/uploads/2015/10/8-570x520.html]
[demo.exptheme.com/pizzeria/product/vegetarian-5/index.html]
[demo.exptheme.com/pizzeria/wp-content/uploads/2015/10/17-570x297.html]
[demo.exptheme.com/pizzeria/product/vegetarian-4/index.html]
[demo.exptheme.com/pizzeria/wp-content/uploads/2015/10/9-570x297.html]
[demo.exptheme.com/pizzeria/product/vegetarian-3/index.html]
[demo.exptheme.com/pizzeria/wp-content/uploads/2015/10/15-570x297.html]
[demo.exptheme.com/pizzeria/product/vegetarian-2/index.html]
[demo.exptheme.com/pizzeria/wp-content/uploads/2015/10/18-570x297.html]
[demo.exptheme.com/pizzeria/product/pepperoni-burner-7/index.html]
[demo.exptheme.com/pizzeria/product/mushrrom-lovers-7/index.html]
[demo.exptheme.com/pizzeria/product/vegetarian-pizza-7/index.html]
[demo.exptheme.com/pizzeria/product/pepperoni-burner-6/index.html]
[demo.exptheme.com/pizzeria/wp-content/uploads/2015/10/12-570x297.html]
[demo.exptheme.com/pizzeria/product/mushrrom-lovers-6/index.html]
[demo.exptheme.com/pizzeria/wp-content/uploads/2015/10/8-570x297.html]
[demo.exptheme.com/pizzeria/product/vegetarian-pizza-6/index.html]
[demo.exptheme.com/pizzeria/wp-content/uploads/2015/09/delivery1.html]
[demo.exptheme.com/pizzeria/wp-content/uploads/2015/10/12.html]
[demo.exptheme.com/pizzeria/wp-content/uploads/2015/10/12-2.html]
[demo.exptheme.com/pizzeria/gallery/hot-pepperoni-24/index.html]
[demo.exptheme.com/pizzeria/gallery-categories/hamburgers/index.html]
[demo.exptheme.com/pizzeria/gallery-categories/pizza/index.html]
[demo.exptheme.com/pizzeria/gallery-categories/sandwiches/index.html]
[demo.exptheme.com/pizzeria/wp-content/uploads/2015/10/1-570x520.html]
[demo.exptheme.com/pizzeria/wp-content/plugins/js_composer/assets/fonts/vc_icons_v2/fonts/vcpb-plugin-iconsb82a.eot]
[demo.exptheme.com/pizzeria/gallery/hot-pepperoni-23/index.html]
[demo.exptheme.com/pizzeria/gallery-categories/photoshop/index.html]
[demo.exptheme.com/pizzeria/gallery-categories/wordpress/index.html]
[demo.exptheme.com/pizzeria/gallery/hot-pepperoni-22/index.html]
[demo.exptheme.com/pizzeria/gallery/hot-pepperoni-21/index.html]
[demo.exptheme.com/pizzeria/gallery/hot-pepperoni-20/index.html]
[demo.exptheme.com/pizzeria/gallery/hot-pepperoni-19/index.html]
[demo.exptheme.com/pizzeria/gallery/hot-pepperoni-18/index.html]
[demo.exptheme.com/pizzeria/gallery/hot-pepperoni-17/index.html]
[demo.exptheme.com/pizzeria/my-account/index.html]
[demo.exptheme.com/pizzeria/how-to-get-the-best-time-with-your-family/index.html]
[demo.exptheme.com/pizzeria/author/admin/index.html]
[demo.exptheme.com/pizzeria/pizza-delivery/index.html]
[demo.exptheme.com/pizzeria/blogs-posts-for-restaurant/index.html]
[demo.exptheme.com/pizzeria/home/one-page/index3d3a.html]
[demo.exptheme.com/pizzeria/wp-includes/js/mediaelement/mediaelementplayer-legacy.min1f61.css]
[demo.exptheme.com/pizzeria/wp-includes/js/mediaelement/wp-mediaelement.min32d4.css]
[demo.exptheme.com/pizzeria/wp-content/plugins/js_composer/assets/lib/flexslider/flexslider.mine1b2.css]
[demo.exptheme.com/pizzeria/wp-includes/js/mediaelement/mediaelement-and-player.min1f61.js]
[demo.exptheme.com/pizzeria/wp-includes/js/mediaelement/mediaelement-migrate.min32d4.js]
[demo.exptheme.com/pizzeria/wp-includes/js/mediaelement/wp-mediaelement.min32d4.js]
[demo.exptheme.com/pizzeria/wp-content/themes/wp_pizzeria/assets/js/cmsgrid.pagination8a54.js]
[demo.exptheme.com/pizzeria/wp-content/themes/wp_pizzeria/assets/js/owl.carousel.cms8a54.js]
[demo.exptheme.com/pizzeria/wp-content/plugins/cmssuperheroes/assets/js/modernizr.min32d4.js]
[demo.exptheme.com/pizzeria/wp-includes/js/imagesloaded.minbb93.js]
[demo.exptheme.com/pizzeria/wp-content/plugins/cmssuperheroes/assets/js/jquery.shuffle32d4.js]
[demo.exptheme.com/pizzeria/wp-content/themes/wp_pizzeria/assets/js/jquery.shuffle.cms32d4.js]
[demo.exptheme.com/pizzeria/wp-content/plugins/js_composer/assets/lib/flexslider/jquery.flexslider.mine1b2.js]
[demo.exptheme.com/pizzeria/wp-json/wp/v2/pages/77.html]
[demo.exptheme.com/pizzeria/indexb135.html]
[demo.exptheme.com/pizzeria/wp-json/oembed/1.0/embed0aa3.html]
[demo.exptheme.com/pizzeria/wp-json/oembed/1.0/embed7138.html]
[demo.exptheme.com/pizzeria/wp-content/themes/wp_pizzeria/assets/images/page-title.html]
[demo.exptheme.com/pizzeria/wp-content/uploads/2015/09/11.html]
[demo.exptheme.com/pizzeria/wp-content/uploads/2015/09/21.html]
[demo.exptheme.com/pizzeria/wp-content/uploads/2015/10/17.html]
[demo.exptheme.com/pizzeria/wp-content/uploads/2015/10/9-scaled.html]
[demo.exptheme.com/pizzeria/wp-content/uploads/2015/10/8.html]
[demo.exptheme.com/pizzeria/gallery/hot-pepperoni-6/index.html]
[demo.exptheme.com/pizzeria/wp-content/uploads/2015/10/10-570x520.html]
[demo.exptheme.com/pizzeria/wp-content/uploads/2015/10/10.html]
[demo.exptheme.com/pizzeria/gallery/hot-pepperoni-7/index.html]
[demo.exptheme.com/pizzeria/gallery/hot-pepperoni-8/index.html]
[demo.exptheme.com/pizzeria/wp-content/uploads/2015/10/7-570x520.html]
[demo.exptheme.com/pizzeria/wp-content/uploads/2015/10/7.html]
[demo.exptheme.com/pizzeria/gallery/hot-pepperoni-10/index.html]
[demo.exptheme.com/pizzeria/gallery/hot-pepperoni-13/index.html]
[demo.exptheme.com/pizzeria/gallery/hot-pepperoni-14/index.html]
[demo.exptheme.com/pizzeria/gallery/hot-pepperoni-15/index.html]
[demo.exptheme.com/pizzeria/wp-content/uploads/2015/10/5-570x520.html]
[demo.exptheme.com/pizzeria/wp-content/uploads/2015/10/5.html]
[demo.exptheme.com/pizzeria/gallery/hot-pepperoni-16/index.html]
[demo.exptheme.com/pizzeria/home/one-page-chinese/index2928.html]
[demo.exptheme.com/pizzeria/wp-content/uploads/2015/09/1_big.html]
[demo.exptheme.com/pizzeria/wp-content/uploads/2015/10/9-1170x580.html]
[demo.exptheme.com/pizzeria/home/one-page-chinese/index3d3a.html]
[demo.exptheme.com/pizzeria/wp-content/themes/wp_pizzeria/assets/js/player_api8a54.html]
[demo.exptheme.com/pizzeria/wp-json/wp/v2/pages/959.html]
[demo.exptheme.com/pizzeria/index821a.html]
[demo.exptheme.com/pizzeria/wp-json/oembed/1.0/embed837d.html]
[demo.exptheme.com/pizzeria/wp-json/oembed/1.0/embed2bb8.html]
[demo.exptheme.com/pizzeria/wp-content/uploads/2015/09/bg3dac1.html]
[demo.exptheme.com/pizzeria/wp-content/uploads/2015/10/15-570x334.html]
[demo.exptheme.com/pizzeria/wp-content/uploads/2015/10/18-570x334.html]
[demo.exptheme.com/pizzeria/wp-content/uploads/2015/10/8-570x334.html]
[demo.exptheme.com/pizzeria/wp-json/wp/v2/pages/79.html]
[demo.exptheme.com/pizzeria/index6ffe.html]
[demo.exptheme.com/pizzeria/wp-json/oembed/1.0/embedae33.html]
[demo.exptheme.com/pizzeria/wp-json/oembed/1.0/embed301d.html]
[demo.exptheme.com/pizzeria/product/mushrrom-lovers/index.html]
[demo.exptheme.com/pizzeria/product/mushrrom-lovers-2/index.html]
[demo.exptheme.com/pizzeria/product/vegetarian-pizza-2/index.html]
[demo.exptheme.com/pizzeria/product/pepperoni-burner-3/index.html]
[demo.exptheme.com/pizzeria/product/mushrrom-lovers-3/index.html]
[demo.exptheme.com/pizzeria/product/vegetarian-pizza-3/index.html]
[demo.exptheme.com/pizzeria/product/vegetarian-pizza-4/index.html]
[demo.exptheme.com/pizzeria/product/mushrrom-lovers-4/index.html]
[demo.exptheme.com/pizzeria/product/pepperoni-burner-4/index.html]
[demo.exptheme.com/pizzeria/product/vegetarian-pizza-5/index.html]
[demo.exptheme.com/pizzeria/product/mushrrom-lovers-5/index.html]
[demo.exptheme.com/pizzeria/product/pepperoni-burner-5/index.html]
[demo.exptheme.com/pizzeria/menu/page/2/index.html]
[demo.exptheme.com/pizzeria/index44d0.html]
[demo.exptheme.com/pizzeria/index1098.html]
[demo.exptheme.com/pizzeria/galllery/galllery-small/page/2/index.html]
[demo.exptheme.com/pizzeria/index094d.html]
[demo.exptheme.com/pizzeria/galllery/galllery-big/page/2/index.html]
[demo.exptheme.com/pizzeria/index2cce.html]
[demo.exptheme.com/pizzeria/index7665.html]
[demo.exptheme.com/pizzeria/wp-json/oembed/1.0/embed34a2.html]
[demo.exptheme.com/pizzeria/wp-json/wp/v2/pages/67.html]
[demo.exptheme.com/pizzeria/index96f1.html]
[demo.exptheme.com/pizzeria/wp-json/oembed/1.0/embed6600.html]
[demo.exptheme.com/pizzeria/wp-json/oembed/1.0/embed0253.html]
[demo.exptheme.com/pizzeria/wp-content/uploads/2015/10/4.html]
[demo.exptheme.com/pizzeria/wp-content/uploads/2015/10/4-370x350.html]
[demo.exptheme.com/pizzeria/wp-content/uploads/2015/10/12-370x350.html]
[demo.exptheme.com/pizzeria/blogs-posts-for-restaurant-4/index.html]
[demo.exptheme.com/pizzeria/pizza-delivery-5/index.html]
[demo.exptheme.com/pizzeria/wp-content/uploads/2015/09/bg_testimonials.html]
[demo.exptheme.com/pizzeria/wp-content/uploads/2015/09/bg_testimonials-370x350.html]
[demo.exptheme.com/pizzeria/how-to-get-the-best-time-with-your-family-3/index.html]
[demo.exptheme.com/pizzeria/wp-content/uploads/2015/10/1-370x350.html]
[demo.exptheme.com/pizzeria/pizza-delivery-4/index.html]
[demo.exptheme.com/pizzeria/blogs-posts-for-restaurant-3/index.html]
[demo.exptheme.com/pizzeria/blog/page/2/index.html]
[demo.exptheme.com/pizzeria/blog/page/3/index.html]
[demo.exptheme.com/pizzeria/baking-great-meals-4/feed/index.html]
[demo.exptheme.com/pizzeria/wp-json/wp/v2/posts/726.html]
[demo.exptheme.com/pizzeria/index23a8.html]
[demo.exptheme.com/pizzeria/wp-json/oembed/1.0/embedd159.html]
[demo.exptheme.com/pizzeria/wp-json/oembed/1.0/embeda563.html]
[demo.exptheme.com/pizzeria/category/chinese/index.html]
[demo.exptheme.com/pizzeria/category/food/index.html]
[demo.exptheme.com/pizzeria/category/photo/index.html]
[demo.exptheme.com/pizzeria/category/pizza/index.html]
[demo.exptheme.com/pizzeria/2015/10/index.html]
[demo.exptheme.com/pizzeria/wp-content/uploads/2015/10/4-100x100.html]
[demo.exptheme.com/pizzeria/wp-content/uploads/2015/10/12-100x100.html]
[demo.exptheme.com/pizzeria/wp-content/uploads/2015/10/18-100x100.html]
[demo.exptheme.com/pizzeria/tag/food/index.html]
[demo.exptheme.com/pizzeria/tag/pasta/index.html]
[demo.exptheme.com/pizzeria/tag/pizza/index.html]
[demo.exptheme.com/pizzeria/tag/wordpress/index.html]
[demo.exptheme.com/pizzeria/wp-includes/js/comment-reply.min32d4.html]
[demo.exptheme.com/pizzeria/shop-2/indexb4c4.html]
[demo.exptheme.com/pizzeria/shop-2/index0569.html]
[demo.exptheme.com/pizzeria/checkout-2/index.html]
[demo.exptheme.com/pizzeria/shop-2/indexcc01.html]
[demo.exptheme.com/pizzeria/cart-2/index2803.html]
[demo.exptheme.com/pizzeria/shop-2/index5b8d.html]
[demo.exptheme.com/pizzeria/cart-2/index.html]
[demo.exptheme.com/pizzeria/shop-2/index474e.html]
[demo.exptheme.com/pizzeria/shop-2/index23a0.html]
[demo.exptheme.com/pizzeria/shop-2/indexc517.html]
[demo.exptheme.com/pizzeria/shop-2/indexbfaf.html]
[demo.exptheme.com/pizzeria/shop-2/page/2/index.html]
[demo.exptheme.com/pizzeria/shop-2/page/2/index2b08.html]
[demo.exptheme.com/pizzeria/shop-2/page/3/index.html]
[demo.exptheme.com/pizzeria/shop-2/page/2/indexe265.html]
[demo.exptheme.com/pizzeria/shop-2/page/2/indexc013.html]
[demo.exptheme.com/pizzeria/shop-2/page/2/index77db.html]
[demo.exptheme.com/pizzeria/wp-json/wp/v2/product_cat/44.json]
[demo.exptheme.com/pizzeria/product-category/cheese-pizza/index.html]
[demo.exptheme.com/pizzeria/shop-2/page/3/indexfa33.html]
[demo.exptheme.com/pizzeria/shop-2/page/3/index7188.html]
[demo.exptheme.com/pizzeria/shop-2/page/3/indexcf4f.html]
[demo.exptheme.com/pizzeria/product-category/cheese-pizza/feed/index.html]
[demo.exptheme.com/pizzeria/product-category/cheese-pizza/index2b08.html]
[demo.exptheme.com/pizzeria/product-category/cheese-pizza/index474e.html]
[demo.exptheme.com/pizzeria/wp-json/wp/v2/product_cat/45.json]
[demo.exptheme.com/pizzeria/product-category/chinese/index.html]
[demo.exptheme.com/pizzeria/product-category/cheese-pizza/indexcf4f.html]
[demo.exptheme.com/pizzeria/product-category/chinese/indexe265.html]
[demo.exptheme.com/pizzeria/product-category/chinese/feed/index.html]
[demo.exptheme.com/pizzeria/product-category/meat-lovers/feed/index.html]
[demo.exptheme.com/pizzeria/wp-json/wp/v2/product_cat/46.json]
[demo.exptheme.com/pizzeria/product-category/meat-lovers/index.html]
[demo.exptheme.com/pizzeria/product-category/meat-lovers/index5b8d.html]
[demo.exptheme.com/pizzeria/product-category/meat-lovers/indexc517.html]
[demo.exptheme.com/pizzeria/product-category/meat-lovers/indexbfaf.html]
[demo.exptheme.com/pizzeria/product-category/meat-lovers/indexcc01.html]
[demo.exptheme.com/pizzeria/product-category/meat-lovers/index77db.html]
[demo.exptheme.com/pizzeria/wp-json/wp/v2/product_cat/47.json]
[demo.exptheme.com/pizzeria/product-category/starters/index.html]
[demo.exptheme.com/pizzeria/product-category/starters/feed/index.html]
[demo.exptheme.com/pizzeria/product-category/meat-lovers/indexfa33.html]
[demo.exptheme.com/pizzeria/product-category/starters/index23a0.html]
[demo.exptheme.com/pizzeria/product-category/starters/index7188.html]
[demo.exptheme.com/pizzeria/product-category/uncategorized/feed/index.html]
[demo.exptheme.com/pizzeria/wp-json/wp/v2/product_cat/15.json]
[demo.exptheme.com/pizzeria/product-category/uncategorized/index.html]
[demo.exptheme.com/pizzeria/wp-json/wp/v2/product_cat/48.json]
[demo.exptheme.com/pizzeria/product-category/vegetarian/index.html]
[demo.exptheme.com/pizzeria/product-category/vegetarian/feed/index.html]
[demo.exptheme.com/pizzeria/wp-includes/js/jquery/ui/core.minb37e.js]
[demo.exptheme.com/pizzeria/wp-includes/js/jquery/ui/mouse.minb37e.js]
[demo.exptheme.com/pizzeria/wp-includes/js/jquery/ui/slider.minb37e.js]
[demo.exptheme.com/pizzeria/wp-content/plugins/woocommerce/assets/js/jquery-ui-touch-punch/jquery-ui-touch-punch.min31dc.js]
[demo.exptheme.com/pizzeria/wp-content/plugins/woocommerce/assets/js/accounting/accounting.minaffb.js]
[demo.exptheme.com/pizzeria/wp-content/plugins/woocommerce/assets/js/frontend/price-slider.min31dc.js]
[demo.exptheme.com/pizzeria/indexe2dc.html]
[demo.exptheme.com/pizzeria/wp-content/themes/wp_pizzeria/assets/css/owl.video.play.html]
[demo.exptheme.com/pizzeria/wp-content/plugins/js_composer/assets/lib/bower/font-awesome/webfonts/fa-brands-400.svg]
[demo.exptheme.com/pizzeria/wp-content/plugins/js_composer/assets/lib/bower/font-awesome/webfonts/fa-regular-400.svg]
[demo.exptheme.com/pizzeria/wp-content/plugins/js_composer/assets/lib/bower/font-awesome/webfonts/fa-solid-900.svg]
[demo.exptheme.com/pizzeria/Bun/index.html]
[demo.exptheme.com/pizzeria/Deno/index.html]
[demo.exptheme.com/pizzeria/Node.js/index.html]
[demo.exptheme.com/pizzeria/e.html]
[demo.exptheme.com/pizzeria/wp-json/wp/v2/gallery/740.html]
[demo.exptheme.com/pizzeria/index8da8.html]
[demo.exptheme.com/pizzeria/wp-json/oembed/1.0/embed2f82.html]
[demo.exptheme.com/pizzeria/wp-json/oembed/1.0/embed267f.html]
[demo.exptheme.com/pizzeria/gallery-categories/photoshop/feed/index.html]
[demo.exptheme.com/pizzeria/gallery-categories/photoshop/page/2/index.html]
[demo.exptheme.com/pizzeria/gallery-categories/wordpress/feed/index.html]
[demo.exptheme.com/pizzeria/gallery-categories/wordpress/page/2/index.html]
[demo.exptheme.com/pizzeria/wp-json/wp/v2/gallery/738]
[demo.exptheme.com/pizzeria/product-category/vegetarian/indexb4c4.html]
[demo.exptheme.com/pizzeria/product-category/vegetarian/index0569.html]
[demo.exptheme.com/pizzeria/product-category/vegetarian/indexc013.html]
[demo.exptheme.com/pizzeria/wp-json/oembed/1.0/embed7b6e]
[demo.exptheme.com/pizzeria/wp-json/oembed/1.0/embed0b0a]
[demo.exptheme.com/pizzeria/wp-json/wp/v2/gallery/736]
[demo.exptheme.com/pizzeria/wp-json/oembed/1.0/embede547]
[demo.exptheme.com/pizzeria/wp-json/oembed/1.0/embed8560]
[demo.exptheme.com/pizzeria/wp-json/wp/v2/gallery/734]
[demo.exptheme.com/pizzeria/wp-json/oembed/1.0/embed9f37]
[demo.exptheme.com/pizzeria/wp-json/oembed/1.0/embed5241]
[demo.exptheme.com/pizzeria/wp-json/wp/v2/gallery/732]
[demo.exptheme.com/pizzeria/wp-json/oembed/1.0/embedb59b]
[demo.exptheme.com/pizzeria/wp-content/plugins/woocommerce/assets/css/select231dc.css]
[demo.exptheme.com/pizzeria/wp-json/oembed/1.0/embed0939]
[demo.exptheme.com/pizzeria/wp-json/oembed/1.0/embedaca9]
[demo.exptheme.com/pizzeria/wp-json/oembed/1.0/embed8297]
[demo.exptheme.com/pizzeria/wp-login1ddc.php]
[demo.exptheme.com/pizzeria/wp-content/plugins/woocommerce/assets/js/selectWoo/selectWoo.full.minc9e3.js]
[demo.exptheme.com/pizzeria/how-to-get-the-best-time-with-your-family/feed/index.html]
[demo.exptheme.com/pizzeria/wp-json/wp/v2/posts/399]
[demo.exptheme.com/pizzeria/wp-json/oembed/1.0/embed0d0f]
[demo.exptheme.com/pizzeria/wp-json/oembed/1.0/embed8df8]
[demo.exptheme.com/pizzeria/author/admin/feed/index.html]
[demo.exptheme.com/pizzeria/wp-json/wp/v2/users/1]
[demo.exptheme.com/pizzeria/author/admin/page/3/index.html]
[demo.exptheme.com/pizzeria/author/admin/page/2/index.html]
[demo.exptheme.com/pizzeria/wp-json/wp/v2/posts/401]
[demo.exptheme.com/pizzeria/wp-json/oembed/1.0/embed39e2]
[demo.exptheme.com/pizzeria/wp-json/oembed/1.0/embed50dd]
[demo.exptheme.com/pizzeria/wp-json/wp/v2/posts/403]
[demo.exptheme.com/pizzeria/pizza-delivery/feed/index.html]
[demo.exptheme.com/pizzeria/wp-json/oembed/1.0/embed482b]
[demo.exptheme.com/pizzeria/wp-json/oembed/1.0/embed76f1]
[demo.exptheme.com/pizzeria/wp-includes/js/mediaelement/mejs-controls.svg]
[demo.exptheme.com/pizzeria/wp-content/plugins/js_composer/assets/lib/flexslider/fonts/flexslider-icon.eot]
[demo.exptheme.com/pizzeria/wp-content/plugins/js_composer/assets/lib/flexslider/fonts/flexslider-icond41d.eot]
[demo.exptheme.com/pizzeria/wp-content/plugins/js_composer/assets/lib/flexslider/fonts/flexslider-icon.ttf]
[demo.exptheme.com/pizzeria/wp-content/plugins/js_composer/assets/lib/flexslider/fonts/flexslider-icon.woff]
[demo.exptheme.com/pizzeria/wp-content/plugins/js_composer/assets/lib/flexslider/fonts/flexslider-icon.svg]
[demo.exptheme.com/pizzeria/home/one-page/GET]
[demo.exptheme.com/pizzeria/wp-content/plugins/woocommerce/assets/css/photoswipe/photoswipe.min31dc.css]
[demo.exptheme.com/pizzeria/wp-content/plugins/woocommerce/assets/css/photoswipe/default-skin/default-skin.min31dc.css]
[demo.exptheme.com/pizzeria/wp-json/wp/v2/product/233]
[demo.exptheme.com/pizzeria/blogs-posts-for-restaurant/feed/index.html]
[demo.exptheme.com/pizzeria/wp-json/oembed/1.0/embed3650]
[demo.exptheme.com/pizzeria/wp-json/oembed/1.0/embed660c]
[demo.exptheme.com/pizzeria/wp-content/uploads/2015/10/18-600x393.jpg]
[demo.exptheme.com/pizzeria/wp-content/uploads/2015/10/15-600x400.jpg]
[demo.exptheme.com/pizzeria/wp-content/uploads/2015/10/17-600x400.jpg]
[demo.exptheme.com/pizzeria/product/mushrrom-lovers-3/feed/index.html]
[demo.exptheme.com/pizzeria/product/mushrrom-lovers-3/indexfa33.html]
[demo.exptheme.com/pizzeria/product/mushrrom-lovers-3/index77db.html]
[demo.exptheme.com/pizzeria/wp-content/plugins/woocommerce/assets/js/zoom/jquery.zoom.min55bb.js]
[demo.exptheme.com/pizzeria/wp-content/plugins/woocommerce/assets/js/photoswipe/photoswipe-ui-default.min5b68.js]
[demo.exptheme.com/pizzeria/wp-content/plugins/woocommerce/assets/js/photoswipe/photoswipe.min5b68.js]
[demo.exptheme.com/pizzeria/wp-json/wp/v2/product/234]
[demo.exptheme.com/pizzeria/wp-content/plugins/woocommerce/assets/js/frontend/single-product.min31dc.js]
[demo.exptheme.com/pizzeria/wp-json/oembed/1.0/embed2092]
[demo.exptheme.com/pizzeria/wp-json/oembed/1.0/embede17d]
[demo.exptheme.com/pizzeria/wp-content/uploads/2015/10/9-600x867.jpg]
[demo.exptheme.com/pizzeria/product/vegetarian-pizza-3/indexfa33.html]
[demo.exptheme.com/pizzeria/product/vegetarian-pizza-3/indexcc01.html]
[demo.exptheme.com/pizzeria/product/vegetarian-pizza-3/indexc517.html]
[demo.exptheme.com/pizzeria/wp-json/wp/v2/product/235]
[demo.exptheme.com/pizzeria/product/vegetarian-pizza-3/feed/index.html]
[demo.exptheme.com/pizzeria/wp-json/oembed/1.0/embed151e]
[demo.exptheme.com/pizzeria/wp-json/oembed/1.0/embeda10f]
[demo.exptheme.com/pizzeria/wp-content/uploads/2015/10/6-600x448.jpg]
[demo.exptheme.com/pizzeria/wp-content/uploads/2015/10/7-600x561.jpg]
[demo.exptheme.com/pizzeria/product/vegetarian-pizza-4/index77db.html]
[demo.exptheme.com/pizzeria/product/vegetarian-pizza-4/feed/index.html]
[demo.exptheme.com/pizzeria/product/vegetarian-pizza-4/indexcc01.html]
[demo.exptheme.com/pizzeria/product/vegetarian-pizza-4/index5b8d.html]
[demo.exptheme.com/pizzeria/wp-json/wp/v2/product/236]
[demo.exptheme.com/pizzeria/wp-json/oembed/1.0/embedf376]
[demo.exptheme.com/pizzeria/wp-json/oembed/1.0/embed493f]
[demo.exptheme.com/pizzeria/wp-content/uploads/2015/10/8-600x400.jpg]
[demo.exptheme.com/pizzeria/product/mushrrom-lovers-4/indexfa33.html]
[demo.exptheme.com/pizzeria/product/mushrrom-lovers-4/indexbfaf.html]
[demo.exptheme.com/pizzeria/product/mushrrom-lovers-4/indexc517.html]
[demo.exptheme.com/pizzeria/wp-json/wp/v2/product/237]
[demo.exptheme.com/pizzeria/product/mushrrom-lovers-4/feed/index.html]
[demo.exptheme.com/pizzeria/wp-json/oembed/1.0/embed8903]
[demo.exptheme.com/pizzeria/wp-json/oembed/1.0/embed051e]
[demo.exptheme.com/pizzeria/wp-content/uploads/2015/10/16-600x401.jpg]
[demo.exptheme.com/pizzeria/product/pepperoni-burner-4/indexcc01.html]
[demo.exptheme.com/pizzeria/product/pepperoni-burner-4/indexfa33.html]
[demo.exptheme.com/pizzeria/product/pepperoni-burner-4/indexc517.html]
[demo.exptheme.com/pizzeria/product/pepperoni-burner-4/feed/index.html]
[demo.exptheme.com/pizzeria/wp-json/wp/v2/product/238]
[demo.exptheme.com/pizzeria/wp-json/oembed/1.0/embede708]
[demo.exptheme.com/pizzeria/wp-json/oembed/1.0/embeda286]
[demo.exptheme.com/pizzeria/product/vegetarian-pizza-5/index2b08.html]
[demo.exptheme.com/pizzeria/wp-includes/js/underscore.min3ab8.js]
[demo.exptheme.com/pizzeria/product/vegetarian-pizza-5/indexcf4f.html]
[demo.exptheme.com/pizzeria/wp-includes/js/wp-util.min32d4.js]
[demo.exptheme.com/pizzeria/wp-content/plugins/woocommerce/assets/js/frontend/add-to-cart-variation.min31dc.js]
[demo.exptheme.com/pizzeria/wp-json/wp/v2/product/239]
[demo.exptheme.com/pizzeria/product/mushrrom-lovers-5/feed/index.html]
[demo.exptheme.com/pizzeria/wp-json/oembed/1.0/embedb72d]
[demo.exptheme.com/pizzeria/product/vegetarian-pizza-5/feed/index.html]
[demo.exptheme.com/pizzeria/product/mushrrom-lovers-5/index2b08.html]
[demo.exptheme.com/pizzeria/product/pepperoni-burner-5/feed/index.html]
[demo.exptheme.com/pizzeria/product/mushrrom-lovers-5/index474e.html]
[demo.exptheme.com/pizzeria/wp-json/oembed/1.0/embed0808]
[demo.exptheme.com/pizzeria/wp-json/oembed/1.0/embed60f5]
[demo.exptheme.com/pizzeria/product/pepperoni-burner-5/index2b08.html]
[demo.exptheme.com/pizzeria/wp-content/uploads/2015/10/7-370x250.jpg]
[demo.exptheme.com/pizzeria/wp-json/wp/v2/product/240]
[demo.exptheme.com/pizzeria/wp-content/uploads/2015/10/10-370x250.jpg]
[demo.exptheme.com/pizzeria/wp-json/wp/v2/pages/518.json]
[demo.exptheme.com/pizzeria/wp-content/uploads/2015/10/17-370x250.jpg]
[demo.exptheme.com/pizzeria/wp-json/oembed/1.0/embedbdbe.json]
[demo.exptheme.com/pizzeria/wp-json/oembed/1.0/embed4b8b]
[demo.exptheme.com/pizzeria/wp-content/plugins/woocommerce/assets/js/frontend/country-select.min31dc.js]
[demo.exptheme.com/pizzeria/wp-content/plugins/woocommerce/assets/js/frontend/address-i18n.min31dc.js]
[demo.exptheme.com/pizzeria/cart-2/index.html]
[demo.exptheme.com/pizzeria/wp-content/plugins/woocommerce/assets/js/frontend/cart.min31dc.js]
[demo.exptheme.com/pizzeria/cart-2/index2803.html]
[demo.exptheme.com/pizzeria/wp-json/wp/v2/pages/520.json]
[www.paypalobjects.com/webstatic/mktg/Logo/AM_mc_vs_ms_ae_UK.png]
[demo.exptheme.com/pizzeria/checkout-2/index.html]
[demo.exptheme.com/pizzeria/cart-2/index0c62.html]
[demo.exptheme.com/pizzeria/cart-2/indexb8b3.html]
[demo.exptheme.com/pizzeria/cart-2/index7f5b.html]
[demo.exptheme.com/pizzeria/cart-2/index3216.html]
[demo.exptheme.com/pizzeria/cart-2/index8b74.html]
[demo.exptheme.com/pizzeria/cart-2/index59ad.html]
[demo.exptheme.com/pizzeria/cart-2/index9b69.html]
[demo.exptheme.com/pizzeria/shop-2/page/2/index2b08.html]
[demo.exptheme.com/pizzeria/wp-content/plugins/woocommerce/assets/js/frontend/checkout.min31dc.js]
[demo.exptheme.com/pizzeria/shop-2/page/2/indexe265.html]
[demo.exptheme.com/pizzeria/shop-2/page/2/indexc013.html]
[demo.exptheme.com/pizzeria/shop-2/page/2/index77db.html]
[demo.exptheme.com/pizzeria/shop-2/page/1/index.html]
[demo.exptheme.com/pizzeria/shop-2/page/3/indexfa33.html]
[demo.exptheme.com/pizzeria/shop-2/page/3/indexcf4f.html]
[demo.exptheme.com/pizzeria/shop-2/page/3/index7188.html]
