[androthemes.com/themes/html/slices/landing/index.html]
[backblue.gif]
[fade.gif]
[index.html]
[androthemes.com/themes/html/slices/landing/favicon.ico]
[androthemes.com/themes/html/slices/landing/assets/img/logo-light.png]
[androthemes.com/themes/html/slices/landing/assets/img/banner/7.jpg]
[androthemes.com/themes/html/slices/landing/assets/img/misc/1.png]
[androthemes.com/themes/html/slices/landing/assets/img/veg/2.png]
[androthemes.com/themes/html/slices/landing/assets/img/prods/3.png]
[androthemes.com/themes/html/slices/landing/assets/img/veg/12.png]
[androthemes.com/themes/html/slices/landing/assets/img/frame.png]
[androthemes.com/themes/html/slices/landing/assets/img/demos/home1.png]
[androthemes.com/themes/html/slices/landing/assets/img/demos/home2.png]
[androthemes.com/themes/html/slices/landing/assets/img/demos/home3.png]
[androthemes.com/themes/html/slices/landing/assets/img/demos/home4.png]
[androthemes.com/themes/html/slices/landing/assets/img/demos/blog-grid.png]
[androthemes.com/themes/html/slices/landing/assets/img/demos/blog-list.jpg]
[androthemes.com/themes/html/slices/landing/assets/img/demos/blog-masonry.jpg]
[androthemes.com/themes/html/slices/landing/assets/img/demos/blog-fw.jpg]
[androthemes.com/themes/html/slices/landing/assets/img/demos/blog-single.jpg]
[androthemes.com/themes/html/slices/landing/assets/img/demos/menu-1.jpg]
[androthemes.com/themes/html/slices/landing/assets/img/demos/menu-2.jpg]
[androthemes.com/themes/html/slices/landing/assets/img/demos/menu-item-1.jpg]
[androthemes.com/themes/html/slices/landing/assets/img/demos/menu-item-2.jpg]
[androthemes.com/themes/html/slices/landing/assets/img/demos/about.jpg]
[androthemes.com/themes/html/slices/landing/assets/img/demos/locations.jpg]
[androthemes.com/themes/html/slices/landing/assets/img/demos/legal.jpg]
[androthemes.com/themes/html/slices/landing/assets/img/demos/contact.jpg]
[androthemes.com/themes/html/slices/landing/assets/img/demos/login.jpg]
[androthemes.com/themes/html/slices/landing/assets/img/demos/signup.jpg]
[androthemes.com/themes/html/slices/landing/assets/img/demos/checkout.jpg]
[androthemes.com/themes/html/slices/landing/assets/img/demos/cart.jpg]
[androthemes.com/themes/html/slices/landing/assets/img/demos/404.jpg]
[androthemes.com/themes/html/slices/landing/assets/img/bg/cta.jpg]
[androthemes.com/themes/html/slices/landing/assets/js/plugins/jquery-3.4.1.min.js]
[androthemes.com/themes/html/slices/landing/assets/js/plugins/popper.min.js]
[androthemes.com/themes/html/slices/landing/assets/js/plugins/waypoint.js]
[androthemes.com/themes/html/slices/landing/assets/js/plugins/bootstrap.min.js]
[androthemes.com/themes/html/slices/landing/assets/js/plugins/jquery.magnific-popup.min.js]
[androthemes.com/themes/html/slices/landing/assets/js/plugins/jquery.slimScroll.min.js]
[androthemes.com/themes/html/slices/landing/assets/js/plugins/imagesloaded.min.js]
[androthemes.com/themes/html/slices/landing/assets/js/plugins/jquery.steps.min.js]
[androthemes.com/themes/html/slices/landing/assets/js/plugins/jquery.countdown.min.js]
[androthemes.com/themes/html/slices/landing/assets/js/plugins/isotope.pkgd.min.js]
[androthemes.com/themes/html/slices/landing/assets/js/plugins/slick.min.js]
[androthemes.com/themes/html/slices/landing/assets/js/main.js]
[androthemes.com/themes/html/slices/landing/assets/js/landing.js]
[androthemes.com/themes/html/slices/landing/index.html]
[androthemes.com/themes/html/slices/landing/assets/css/plugins/bootstrap.min.css]
[androthemes.com/themes/html/slices/landing/assets/css/plugins/animate.min.css]
[androthemes.com/themes/html/slices/landing/assets/css/plugins/magnific-popup.css]
[androthemes.com/themes/html/slices/landing/assets/css/plugins/slick.css]
[androthemes.com/themes/html/slices/landing/assets/css/plugins/slick-theme.css]
[androthemes.com/themes/html/slices/landing/assets/fonts/flaticon/Flaticon.eot]
[androthemes.com/themes/html/slices/landing/assets/fonts/flaticon/Flaticond41d.eot]
[androthemes.com/themes/html/slices/landing/assets/fonts/flaticon/Flaticon.woff2]
[androthemes.com/themes/html/slices/landing/assets/fonts/flaticon/Flaticon.woff]
[androthemes.com/themes/html/slices/landing/assets/fonts/flaticon/Flaticon.ttf]
[androthemes.com/themes/html/slices/landing/assets/fonts/flaticon/flaticon.css]
[androthemes.com/themes/html/slices/landing/assets/fonts/font-awesome/webfonts/fa-brands-400.eot]
[androthemes.com/themes/html/slices/landing/assets/fonts/font-awesome/webfonts/fa-brands-400d41d.eot]
[androthemes.com/themes/html/slices/landing/assets/fonts/font-awesome/webfonts/fa-brands-400.woff2]
[androthemes.com/themes/html/slices/landing/assets/fonts/font-awesome/webfonts/fa-brands-400.woff]
[androthemes.com/themes/html/slices/landing/assets/fonts/font-awesome/webfonts/fa-brands-400.ttf]
[androthemes.com/themes/html/slices/landing/assets/fonts/font-awesome/webfonts/fa-regular-400.eot]
[androthemes.com/themes/html/slices/landing/assets/fonts/font-awesome/webfonts/fa-regular-400d41d.eot]
[androthemes.com/themes/html/slices/landing/assets/fonts/font-awesome/webfonts/fa-regular-400.woff2]
[androthemes.com/themes/html/slices/landing/assets/fonts/font-awesome/webfonts/fa-regular-400.woff]
[androthemes.com/themes/html/slices/landing/assets/fonts/font-awesome/webfonts/fa-regular-400.ttf]
[androthemes.com/themes/html/slices/landing/assets/fonts/font-awesome/webfonts/fa-solid-900.eot]
[androthemes.com/themes/html/slices/landing/assets/fonts/font-awesome/webfonts/fa-solid-900d41d.eot]
[androthemes.com/themes/html/slices/landing/assets/fonts/font-awesome/webfonts/fa-solid-900.woff2]
[androthemes.com/themes/html/slices/landing/assets/fonts/font-awesome/webfonts/fa-solid-900.woff]
[androthemes.com/themes/html/slices/landing/assets/fonts/font-awesome/webfonts/fa-solid-900.ttf]
[androthemes.com/themes/html/slices/landing/assets/fonts/font-awesome/css/all.min.css]
[androthemes.com/themes/html/slices/landing/assets/css/plugins/images/layers.4e.delayed]
[androthemes.com/themes/html/slices/landing/assets/css/plugins/images/layers-2x.4f.delayed]
[androthemes.com/themes/html/slices/landing/assets/css/plugins/images/marker-icon.50.delayed]
[androthemes.com/themes/html/slices/landing/assets/img/misc/cluster.51.delayed]
[androthemes.com/themes/html/slices/landing/assets/css/plugins/leaflet.css]
[androthemes.com/themes/html/slices/landing/assets/css/style.css]
[androthemes.com/themes/html/slices/landing/assets/css/landing.css]
[androthemes.com/themes/html/slices/landing/assets/fonts/flaticon/Flaticon.svg]
[androthemes.com/themes/html/slices/landing/assets/fonts/font-awesome/webfonts/fa-brands-400.svg]
[androthemes.com/themes/html/slices/landing/assets/fonts/font-awesome/webfonts/fa-regular-400.svg]
[androthemes.com/themes/html/slices/landing/assets/fonts/font-awesome/webfonts/fa-solid-900.svg]
[androthemes.com/themes/html/slices/landing/assets/css/plugins/images/layers.html]
[androthemes.com/themes/html/slices/landing/assets/css/plugins/images/layers-2x.html]
[androthemes.com/themes/html/slices/landing/assets/css/plugins/images/marker-icon.html]
[androthemes.com/themes/html/slices/landing/assets/img/misc/cluster.html]
